Warning message:
In cgga_mat("data/cgga/CGGA.mRNA_array_301_gene_level.20200506.txt",  :
  NaNs produced
Gene universe: 8000 
computing TCGA...
computing CGGA-693...
computing CGGA-325...
computing array-301...

=== QC score predicts cross-cohort replication (AUC) ===
    cohort    n replic_rate AUC_grade AUC_idh AUC_detect
  CGGA-693 6512       0.622     0.818   0.771      0.358
  CGGA-325 6512       0.701     0.930   0.839      0.366
 array-301 6512       0.591     0.900   0.832      0.555

Grade-QC flag (CGGA-693): of QC-fail genes, 70% fail to replicate (precision of flag);
  of non-replicating genes, 60% are QC-flagged (recall).

Attaching package: ‘tidyr’

The following object is masked from ‘package:S4Vectors’:

    expand


wrote figures/method_auc.png
EXIT 0
