loading cohorts...
Glioma universe (Table 4 rule: 4-cohort intersection, TCGA SD>0.5, cap 8000): 8000 genes

=== glioma: TCGA->CGGA-693 ===
  universe=8000 genes, discovery n=368, both arms n=367
  prognostic in the discovery half and scored in both arms: 5495 of 8000
  prod   null=0.900 real=0.824 diff=-0.075 (95% CI -0.093 to -0.058)
  absd   null=0.530 real=0.669 diff=+0.138 (95% CI +0.102 to +0.176)
  coex   null=0.855 real=0.883 diff=+0.029 (95% CI +0.009 to +0.048)
  eff    null=0.820 real=0.785 diff=-0.035 (95% CI -0.056 to -0.013)

=== glioma: TCGA->CGGA-325 ===
  universe=8000 genes, discovery n=513, both arms n=222
  prognostic in the discovery half and scored in both arms: 6037 of 8000
  prod   null=0.893 real=0.937 diff=+0.044 (95% CI +0.032 to +0.055)
  absd   null=0.611 real=0.796 diff=+0.185 (95% CI +0.159 to +0.210)
  coex   null=0.909 real=0.946 diff=+0.037 (95% CI +0.026 to +0.047)
  eff    null=0.844 real=0.767 diff=-0.077 (95% CI -0.093 to -0.060)

=== glioma: TCGA->array-301 ===
  universe=8000 genes, discovery n=487, both arms n=248
  prognostic in the discovery half and scored in both arms: 6381 of 8000
  prod   null=0.793 real=0.924 diff=+0.132 (95% CI +0.120 to +0.144)
  absd   null=0.613 real=0.760 diff=+0.148 (95% CI +0.129 to +0.167)
  coex   null=0.753 real=0.917 diff=+0.164 (95% CI +0.150 to +0.177)
  eff    null=0.768 real=0.733 diff=-0.036 (95% CI -0.051 to -0.020)

=== breast: METABRIC->BRCA ===
  universe=8000 genes, discovery n=1066, both arms n=622
  prognostic in the discovery half and scored in both arms: 1021 of 8000
  prod   null=0.716 real=0.566 diff=-0.150 (95% CI -0.207 to -0.094)
  absd   null=0.544 real=0.487 diff=-0.057 (95% CI -0.118 to +0.004)
  coex   null=0.708 real=0.513 diff=-0.195 (95% CI -0.253 to -0.140)
  eff    null=0.634 real=0.566 diff=-0.068 (95% CI -0.125 to -0.011)

=== breast: BRCA->METABRIC ===
  universe=8000 genes, discovery n=311, both arms n=311
  prognostic in the discovery half and scored in both arms: 0 of 8000
  prod   null=NA real=NA diff=NA (95% CI NA to NA)
  absd   null=NA real=NA diff=NA (95% CI NA to NA)
  coex   null=NA real=NA diff=NA (95% CI NA to NA)
  eff    null=NA real=NA diff=NA (95% CI NA to NA)
There were 50 or more warnings (use warnings() to see the first 50)


=== Robustness: 2,000-gene run (R/33) vs Table 4's universe (this script) ===
setting                    metric          2,000 genes     Table 4 universe  sign held
glioma: TCGA->CGGA-693     prod      -0.041 (-0.063,-0.018)    -0.075 (-0.093,-0.058)        yes
glioma: TCGA->CGGA-693     absd      +0.051 (-0.019,+0.121)    +0.138 (+0.102,+0.176)        yes
glioma: TCGA->CGGA-693     coex      -0.074 (-0.105,-0.044)    +0.029 (+0.009,+0.048)         NO
glioma: TCGA->CGGA-693     eff       -0.142 (-0.174,-0.112)    -0.035 (-0.056,-0.013)        yes
glioma: TCGA->CGGA-325     prod      +0.079 (+0.056,+0.103)    +0.044 (+0.032,+0.055)        yes
glioma: TCGA->CGGA-325     absd      +0.268 (+0.219,+0.319)    +0.185 (+0.159,+0.210)        yes
glioma: TCGA->CGGA-325     coex      +0.122 (+0.083,+0.162)    +0.037 (+0.026,+0.047)        yes
glioma: TCGA->CGGA-325     eff       -0.159 (-0.195,-0.126)    -0.077 (-0.093,-0.060)        yes
glioma: TCGA->array-301    prod      +0.108 (+0.081,+0.134)    +0.132 (+0.120,+0.144)        yes
glioma: TCGA->array-301    absd      +0.218 (+0.162,+0.273)    +0.148 (+0.129,+0.167)        yes
glioma: TCGA->array-301    coex      +0.141 (+0.108,+0.175)    +0.164 (+0.150,+0.177)        yes
glioma: TCGA->array-301    eff       -0.153 (-0.196,-0.112)    -0.036 (-0.051,-0.020)        yes
breast: METABRIC->BRCA     prod      -0.131 (-0.233,-0.034)    -0.150 (-0.207,-0.094)        yes
breast: METABRIC->BRCA     absd      -0.197 (-0.307,-0.083)    -0.057 (-0.118,+0.004)        yes
breast: METABRIC->BRCA     coex      -0.216 (-0.319,-0.112)    -0.195 (-0.253,-0.140)        yes
breast: METABRIC->BRCA     eff       -0.025 (-0.120,+0.073)    -0.068 (-0.125,-0.011)        yes

  comparisons: 16 ; conclusion (sign of interval) changed in 4
  difference form, glioma pairs with CI excluding 0: 3 of 3 (2,000-gene run: 2 of 3)
  product form,    glioma pairs with CI excluding 0: 2 of 3 (2,000-gene run: 2 of 3)
  effect-size control negative in NA of 5 settings (expected: all)
  product-form null AUC range, glioma: 0.793-0.900 (2,000-gene run: 0.830-0.931)
  difference-form null AUC range, glioma: 0.530-0.613 (2,000-gene run: 0.521-0.579)

wrote results/null_full_universe.csv and .txt
