=== Table 1: nested Cox models, recomputed independently ===
  [OK  ] LGG unadjusted                     HR 1.59 (1.30-1.94) p=6.85e-06 C=0.592   | paper: HR 1.59 p=6.85e-06 C=0.592
  [OK  ] LGG + age                          HR 1.37 (1.14-1.66) p=0.001 C=0.744   | paper: HR 1.37 p=0.001 C=0.744
  [OK  ] LGG + age, grade                   HR 1.31 (1.07-1.59) p=0.008 C=0.786   | paper: HR 1.31 p=0.008 C=0.786
  [OK  ] LGG + age, grade, IDH              HR 1.13 (0.95-1.33) p=0.164 C=0.830   | paper: HR 1.13 p=0.164 C=0.830
  [OK  ] LGG + age, subtype                 HR 1.14 (0.98-1.34) p=0.096 C=0.820   | paper: HR 1.14 p=0.096 C=0.820
  [OK  ] GBM unadjusted                     HR 0.96 (0.85-1.09) p=0.552 C=0.523   | paper: HR 0.96 p=0.552 C=0.523
  [OK  ] GBM + age, IDH                     HR 0.87 (0.76-0.99) p=0.030 C=0.639   | paper: HR 0.87 p=0.030 C=0.639
  [OK  ] Pooled unadjusted                  HR 1.35 (1.20-1.51) p=1.98e-07 C=0.553   | paper: HR 1.35 p=1.98e-07 C=0.553
  [OK  ] Pooled + age, grade, IDH           HR 0.92 (0.84-1.01) p=0.077 C=0.837   | paper: HR 0.92 p=0.078 C=0.837

=== common-sample refit and incremental value (§6.2) ===
  [OK  ] common-sample + age, grade         HR 1.31 (1.07-1.60) p=0.008 C=0.786   | paper: HR 1.31 p=0.008 C=0.786
  LR test EGFR beyond age+grade+IDH: chisq=1.98 df=1 p=0.159   | paper: 1.98, 0.16
  C-index without EGFR=0.834  with EGFR=0.830   | paper: 0.834 vs 0.830
  PH test (EGFR term, IDH-adjusted) p=0.004   | paper: 0.004

=== Table 3: within IDH-wildtype ===
  [OK  ] IDH-wt unadjusted                  HR 1.00 (0.89-1.13) p=0.986 C=0.529   | paper: HR 1.00 p=0.990 C=--
  [OK  ] IDH-wt + age                       HR 0.93 (0.82-1.05) p=0.215 C=0.628   | paper: HR 0.93 p=0.220 C=--
  [OK  ] IDH-wt + age, grade                HR 0.90 (0.80-1.02) p=0.101 C=0.646   | paper: HR 0.90 p=0.100 C=--
  [OK  ] IDH-wt GBM + age                   HR 0.87 (0.76-0.99) p=0.035 C=0.606   | paper: HR 0.87 p=0.034 C=--

=== 14 statistical checks: 14 passed, 0 FAILED ===

14 passed, 0 failed -> results/stat_recompute.txt
